$VAR1 = {
          'ModDate' => 'D:20030401161505+01\'00\'',
          'page' => [
                    {
                      'size' => '609 793'
                    },
                    {
                      'size' => '609 793'
                    },
                    {
                      'size' => '609 793'
                    },
                    {
                      'size' => '609 793'
                    },
                    {
                      'size' => '609 793'
                    },
                    {
                      'size' => '609 793'
                    },
                    {
                      'size' => '609 793'
                    },
                    {
                      'size' => '609 793'
                    },
                    {
                      'size' => '609 793'
                    }
                  ],
          'status' => 'OK',
          'CreationDate' => 'D:20030401161505+01\'00\'',
          'numPages' => '9',
          'Producer' => 'Acrobat Distiller 5.0.5 (Windows)'
        };
