---
test_comment: '\textbf'
title: 'The next word is \textbf{bold}'
