---
authors: 'Waterman, M. S. and Smith, T. F.'
journal: Mathematical Biosciences
pages: 257-266
pubtype: ARTICLE
title: 'RNA secondary structure: A complete mathematical analysis'
volume: 42
year: 1978
---
authors: 'Stillman, David E. and Grimm, Robert E.'
title: 'Radar penetrates only the youngest geological units on Mars'
journal: 'J. Geophys. Res.'
day: 03
month: 03
year: 2011
volume: 116
issue: E3
pages: E03001
issn: 0148-0227
abstract: 'Signals from the Shallow Radar were intended to penetrate hundreds of meters or more into Mars...'
url: http://dx.doi.org/10.1029/2010JE003661
doi: 10.1029/2010JE003661
publisher: AGU
---
authors: 'Spotorno, S and Faure, S'
title: 'Change detection in complex scenes: Hemispheric contribution and the role of perceptual and semantic factors'
journal: 'Perception'
year: 2011
volume: 40
pages: 5-22
issue: 1
abstract: 'Signals from the Shallow Radar were intended to penetrate hundreds of meters or more into Mars...'
url: http://www.perceptionweb.com/abstract.cgi?id=p6524
publisher: Pion Ltd
---
authors: 'Hanahan, Douglas and Weinberg, Robert A.'
title: 'Hallmarks of Cancer: The Next Generation'
year: 2011
month: 03
day: 04
journal: 'Cell'
volume: 144
issue: 5
pages: 646-674
publisher: 'Cell Press'
pubtype: ARTICLE
issn: 0092-8674
url: http://linkinghub.elsevier.com/retrieve/pii/S0092867411001279
doi: 10.1016/j.cell.2011.02.013
---
authors: 'Toulmin, Camilla'
title: 'Agriculture: A bowl half full'
pubtype: ARTICLE
journal: 'Nature'
year: 2011
month: 03
day: 03
volume: 471
issue: 7336
pages: 31-32
publisher: 'Nature Publishing Group, a division of Macmillan Publishers Limited. All Rights Reserved.'
issn: 0028-0836
url: http://dx.doi.org/10.1038/471031a
doi: 10.1038/471031a

