---
guid: 77570396589E11E0AFBA9F3DA18D3C30
---
guid: 8AB72254589E11E0BE7B9F3DA18D3C30
---
guid: 77570396589E11E0AFBA9F3DA18D3C30
---
guid: 8AB72254589E11E0BE7B9F3DA18D3C30
---
guid: 0C9CA722596B11E08EDE01F1465EC21D
---
guid: 59391C78596B11E08D9501F1465EC21D
---
guid: 0C9CA722596B11E08EDE01F1465EC21D
---
guid: 59391C78596B11E08D9501F1465EC21D
