---
guid: 77570396589E11E0AFBA9F3DA18D3C30
---
guid: 8AB72254589E11E0BE7B9F3DA18D3C30
