---
authors: 'Brennan, PJ and {on behalf of the IDEAL Consortium}'
editors: O'Reilly, Tim
