---
pubtype: ARTICLE
---
pubtype: INBOOK
---
pubtype: BOOK
---
pubtype: INCOLLECTION
---
pubtype: MANUAL
---
pubtype: MASTERSTHESIS
---
pubtype: MISC
---
pubtype: INPROCEEDINGS
---
pubtype: PROCEEDINGS
---
pubtype: PHDTHESIS
---
pubtype: TECHREPORT
---
pubtype: UNPUBLISHED
