---
publisher: Springer, Berlin
year: 1997
authors: Ullman, Jeffrey D.
booktitle: Proceedings of the 6th International Conference on Database Theory
---
publisher: ACM Press, New York
authors: Rao, R. and Russel, D.M. and Mackinlay, J.D.
