---
test_comment: '\textbf stripped'
title: 'The next word is bold'
